// Jest Snapshot v1, https://goo.gl/fbAQLP

exports[`pruebas en HomeScreen debe mostrarse correctamente 1`] = `
<div>
  <h1>
    HomeScreen
  </h1>
  <hr />
  <pre />
</div>
`;
