// Jest Snapshot v1, https://goo.gl/fbAQLP

exports[`pruebas en LoginScreen debe mostarse correctamente  1`] = `
<div>
  <h1>
    LoginScreen
  </h1>
  <hr />
  <button
    className="btn btn-primary"
    onClick={[Function]}
  >
    add
  </button>
</div>
`;
